# Source: sandbox-base/charts/argo-cd/templates/argocd-notifications/rolebinding.yaml
apiVersion: rbac.authorization.k8s.io/v1
kind: RoleBinding
metadata:
  name: foo-argocd-notifications-controller
  labels:
    app.kubernetes.io/name: argocd-notifications-controller
    app.kubernetes.io/instance: foo
    app.kubernetes.io/component: notifications-controller
    app.kubernetes.io/managed-by: Helm
    app.kubernetes.io/part-of: argocd
roleRef:
  apiGroup: rbac.authorization.k8s.io
  kind: Role
  name: foo-argocd-notifications-controller
subjects:
  - kind: ServiceAccount
    name: argocd-notifications-controller
    namespace: default
---
