# Source: sandbox-base/charts/argo-cd/templates/argocd-notifications/role.yaml
apiVersion: rbac.authorization.k8s.io/v1
kind: Role
metadata:
  name: foo-argocd-notifications-controller
  labels:
    app.kubernetes.io/name: argocd-notifications-controller
    app.kubernetes.io/instance: foo
    app.kubernetes.io/component: notifications-controller
    app.kubernetes.io/managed-by: Helm
    app.kubernetes.io/part-of: argocd
rules:
- apiGroups:
  - argoproj.io
  resources:
  - applications
  - appprojects
  verbs:
  - get
  - list
  - watch
  - update
  - patch
- apiGroups:
  - ""
  resources:
  - configmaps
  - secrets
  verbs:
  - list
  - watch
- apiGroups:
  - ""
  resourceNames:
  - argocd-notifications-cm
  resources:
  - configmaps
  verbs:
  - get
- apiGroups:
  - ""
  resourceNames:
  - argocd-notifications-secret
  resources:
  - secrets
  verbs:
  - get
---
