apiVersion: v1
kind: ServiceAccount
automountServiceAccountToken: 
metadata:
  name: argocd-notifications-controller
  labels:
    helm.sh/chart: argo-cd-5.5.7
    app.kubernetes.io/name: argocd-notifications-controller
    app.kubernetes.io/instance: foo
    app.kubernetes.io/component: notifications-controller
    app.kubernetes.io/managed-by: Helm
    app.kubernetes.io/part-of: argocd
---
