apiVersion: rbac.authorization.k8s.io/v1
kind: RoleBinding
metadata:
  name: foo-argocd-applicationset-controller
  labels:
    helm.sh/chart: argo-cd-5.5.7
    app.kubernetes.io/name: argocd-applicationset-controller
    app.kubernetes.io/instance: foo
    app.kubernetes.io/component: applicationset-controller
    app.kubernetes.io/managed-by: Helm
    app.kubernetes.io/part-of: argocd
roleRef:
  apiGroup: rbac.authorization.k8s.io
  kind: Role
  name: foo-argocd-applicationset-controller
subjects:
  - kind: ServiceAccount
    name: foo-argocd-applicationset-controller
    namespace: default
---
