# Source: sandbox-base/charts/argo-cd/templates/argocd-applicationset/serviceaccount.yaml
apiVersion: v1
kind: ServiceAccount
automountServiceAccountToken: true
metadata:
  name: argocd-applicationset-controller
  labels:
    app.kubernetes.io/name: argocd-applicationset-controller
    app.kubernetes.io/instance: foo
    app.kubernetes.io/component: applicationset-controller
    app.kubernetes.io/managed-by: Helm
    app.kubernetes.io/part-of: argocd
---
