apiVersion: v1
kind: Service
metadata:
  name: foo-argocd-applicationset-controller
  labels:
    helm.sh/chart: argo-cd-5.5.16
    app.kubernetes.io/name: argocd-applicationset-controller
    app.kubernetes.io/instance: foo
    app.kubernetes.io/component: applicationset-controller
    app.kubernetes.io/managed-by: Helm
    app.kubernetes.io/part-of: argocd
spec:
  ports:
  - name: webhook
    port: 7000
    targetPort: webhook
  selector:
    app.kubernetes.io/name: argocd-applicationset-controller
    app.kubernetes.io/instance: foo
---
