# Source: sandbox-base/charts/argo-cd/templates/dex/role.yaml
apiVersion: rbac.authorization.k8s.io/v1
kind: Role
metadata:
  name: foo-argocd-dex-server
  labels:
    app.kubernetes.io/name: argocd-dex-server
    app.kubernetes.io/instance: foo
    app.kubernetes.io/component: dex-server
    app.kubernetes.io/managed-by: Helm
    app.kubernetes.io/part-of: argocd
rules:
- apiGroups:
  - ""
  resources:
  - secrets
  - configmaps
  verbs:
  - get
  - list
  - watch
---
