apiVersion: v1
kind: Service
metadata:
  name: foo-argocd-dex-server
  labels:
    helm.sh/chart: argo-cd-5.5.16
    app.kubernetes.io/name: argocd-dex-server
    app.kubernetes.io/instance: foo
    app.kubernetes.io/component: dex-server
    app.kubernetes.io/managed-by: Helm
    app.kubernetes.io/part-of: argocd
spec:
  ports:
  - name: http
    protocol: TCP
    port: 5556
    targetPort: http
  - name: grpc
    protocol: TCP
    port: 5557
    targetPort: grpc
  selector:
    app.kubernetes.io/name: argocd-dex-server
    app.kubernetes.io/instance: foo
---
