apiVersion: rbac.authorization.k8s.io/v1
kind: ClusterRoleBinding
metadata:
  name: foo-argocd-server
  labels:
    helm.sh/chart: argo-cd-5.5.7
    app.kubernetes.io/name: argocd-server
    app.kubernetes.io/instance: foo
    app.kubernetes.io/component: server
    app.kubernetes.io/managed-by: Helm
    app.kubernetes.io/part-of: argocd
roleRef:
  apiGroup: rbac.authorization.k8s.io
  kind: ClusterRole
  name: foo-argocd-server
subjects:
- kind: ServiceAccount
  name: argocd-server
  namespace: default
---
