# Source: sandbox-base/charts/argo-cd/templates/argocd-server/clusterrole.yaml
apiVersion: rbac.authorization.k8s.io/v1
kind: ClusterRole
metadata:
  name: foo-argocd-server
  labels:
    app.kubernetes.io/name: argocd-server
    app.kubernetes.io/instance: foo
    app.kubernetes.io/component: server
    app.kubernetes.io/managed-by: Helm
    app.kubernetes.io/part-of: argocd
rules:
  - apiGroups:
      - '*'
    resources:
      - '*'
    verbs:
      - delete
      - get
      - patch
  - apiGroups:
      - ""
    resources:
      - events
    verbs:
      - list
  - apiGroups:
      - ""
    resources:
      - pods
      - pods/log
    verbs:
      - get
  - apiGroups:
      - argoproj.io
    resources:
      - applications
    verbs:
      - get
      - list
      - update
      - watch
---
