# Source: sandbox-base/charts/argo-cd/templates/argocd-server/service.yaml
apiVersion: v1
kind: Service
metadata:
  name: foo-argocd-server
  labels:
    app.kubernetes.io/name: argocd-server
    app.kubernetes.io/instance: foo
    app.kubernetes.io/component: server
    app.kubernetes.io/managed-by: Helm
    app.kubernetes.io/part-of: argocd
spec:
  type: ClusterIP
  ports:
  - name: http
    protocol: TCP
    port: 80
    targetPort: 8080
  - name: https
    protocol: TCP
    port: 443
    targetPort: 8080
  selector:
    app.kubernetes.io/name: argocd-server
    app.kubernetes.io/instance: foo
---
