apiVersion: v1
kind: ServiceAccount
automountServiceAccountToken: true
metadata:
  name: argocd-server
  labels:
    helm.sh/chart: argo-cd-5.5.16
    app.kubernetes.io/name: argocd-server
    app.kubernetes.io/instance: foo
    app.kubernetes.io/component: server
    app.kubernetes.io/managed-by: Helm
    app.kubernetes.io/part-of: argocd
---
