# Source: sandbox-base/charts/argo-cd/templates/argocd-application-controller/clusterrolebinding.yaml
apiVersion: rbac.authorization.k8s.io/v1
kind: ClusterRoleBinding
metadata:
  name: foo-argocd-application-controller
  labels:
    app.kubernetes.io/name: argocd-application-controller
    app.kubernetes.io/instance: foo
    app.kubernetes.io/component: application-controller
    app.kubernetes.io/managed-by: Helm
    app.kubernetes.io/part-of: argocd
roleRef:
  apiGroup: rbac.authorization.k8s.io
  kind: ClusterRole
  name: foo-argocd-application-controller
subjects:
- kind: ServiceAccount
  name: argocd-application-controller
  namespace: default
---
