# Source: sandbox-base/charts/argo-cd/templates/argocd-application-controller/service.yaml
apiVersion: v1
kind: Service
metadata:
  name: foo-argocd-application-controller
  labels:
    app.kubernetes.io/name: argocd-application-controller
    app.kubernetes.io/instance: foo
    app.kubernetes.io/component: application-controller
    app.kubernetes.io/managed-by: Helm
    app.kubernetes.io/part-of: argocd
spec:
  ports:
  - name: https-controller
    port: 8082
    targetPort: 8082
  selector:
    app.kubernetes.io/name: argocd-application-controller
    app.kubernetes.io/instance: foo
---
