# Source: sandbox-base/charts/argo-cd/templates/argocd-repo-server/clusterrolebinding.yaml
apiVersion: rbac.authorization.k8s.io/v1
kind: ClusterRoleBinding
metadata:
  name: foo-argocd-repo-server
  labels:
    app.kubernetes.io/name: argocd-repo-server
    app.kubernetes.io/instance: foo
    app.kubernetes.io/component: repo-server
    app.kubernetes.io/managed-by: Helm
    app.kubernetes.io/part-of: argocd
roleRef:
  apiGroup: rbac.authorization.k8s.io
  kind: ClusterRole
  name: foo-argocd-repo-server
subjects:
- kind: ServiceAccount
  name: foo-argocd-repo-server
  namespace: default
---
