# Source: sandbox-base/charts/argo-cd/templates/argocd-repo-server/role.yaml
apiVersion: rbac.authorization.k8s.io/v1
kind: Role
metadata:
  name: foo-argocd-repo-server
  labels:
    app.kubernetes.io/name: argocd-repo-server
    app.kubernetes.io/instance: foo
    app.kubernetes.io/component: repo-server
    app.kubernetes.io/managed-by: Helm
    app.kubernetes.io/part-of: argocd
rules:
---
