apiVersion: rbac.authorization.k8s.io/v1
kind: RoleBinding
metadata:
  name: foo-argocd-repo-server
  labels:
    helm.sh/chart: argo-cd-5.5.16
    app.kubernetes.io/name: argocd-repo-server
    app.kubernetes.io/instance: foo
    app.kubernetes.io/component: repo-server
    app.kubernetes.io/managed-by: Helm
    app.kubernetes.io/part-of: argocd
roleRef:
  apiGroup: rbac.authorization.k8s.io
  kind: Role
  name: foo-argocd-repo-server
subjects:
- kind: ServiceAccount
  name: foo-argocd-repo-server
  namespace: default
---
