apiVersion: v1
kind: Secret
metadata:
  name: oauth-secret
  labels:
    app.kubernetes.io/part-of: argocd
stringData:
  oidc.clientId: test
  oidc.clientSecret: test
---
