# Source: sandbox-base/templates/sandbox-apps.yaml
apiVersion: v1
kind: Secret
metadata:
  name: oauth-secret
  labels:
    app.kubernetes.io/part-of: argocd
stringData:
  oidc.clientId: "test"
  oidc.clientSecret: "test"
  cookie-secret: "j4ESVapKgmiS8S3Z6WFbmF1q"
  admin-password: "IYj7WYGUKzLOxwQOQppmKZMp"
---
# Source: sandbox-base/templates/sandbox-apps.yaml
apiVersion: argoproj.io/v1alpha1
kind: Application
metadata:
  name: sandbox-apps
spec:
  destination:
    server: https://kubernetes.default.svc
    namespace: argocd
  project: sandbox
  source:
    repoURL: https://github.com/clhain/sandbox-helm-charts.git
    path: charts/sandbox-apps
    targetRevision: HEAD
    helm:
      parameters:
        - name: clusterDomain
          value: "example.com"
        - name: clusterIngressIP
          value: "1.1.1.1"
        - name: clusterTLSInsecure
          value: "false"
        - name: clusterLocalAuth
          value: "true"
        - name: cookieSecret
          value: "j4ESVapKgmiS8S3Z6WFbmF1q"
        - name: adminPass
          value: "IYj7WYGUKzLOxwQOQppmKZMp"
        - name: oidcClientID
          value: "test"
        - name: oidcClientSecret
          value: "test"
        - name: oidcPermittedEmailDomains
          value: "*"
        - name: oidcIssuerURL
          value: "https://dex.example.com/dex"
        - name: letsEncryptContactEmail
          value: "nobody@example.com"
        - name: default.app.source.targetRevision
          value: "HEAD"
  syncPolicy:
    automated:
      prune: true
      selfHeal: true
    retry:
      limit: 10 # number of failed sync attempt retries; unlimited number of attempts if less than 0
      backoff:
        duration: 20s # the amount to back off. Default unit is seconds, but could also be a duration (e.g. "2m", "1h")
        factor: 2 # a factor to multiply the base duration after each failed retry
        maxDuration: 10m # the maximum amount of time allowed for the backoff strategy
