apiVersion: argoproj.io/v1alpha1
kind: Application
metadata:
  name: argo-virtual-server
  annotations:
    argocd.argoproj.io/sync-wave: "5"
spec:
  destination:
    namespace: argocd
    server: https://kubernetes.default.svc
  project: cluster-services
  syncPolicy:
    automated:
      prune: true
      selfHeal: true
    syncOptions:
    - CreateNamespace=true
  source:
    path: services/argo-virtual-server
    repoURL: https://github.com/clhain/sandbox.git
    targetRevision: HEAD
    helm:
      parameters:
      - name: clusterDomain
        value: "example.com"
  ignoreDifferences:
  - group: apiextensions.k8s.io
    kind: CustomResourceDefinition
    jsonPointers:
    - /metadata/annotations
---
apiVersion: argoproj.io/v1alpha1
kind: Application
metadata:
  name: cert-manager
  annotations:
    argocd.argoproj.io/sync-wave: "1"
spec:
  destination:
    namespace: cert-manager
    server: https://kubernetes.default.svc
  project: cluster-services
  syncPolicy:
    automated:
      prune: true
      selfHeal: true
    syncOptions:
    - CreateNamespace=true
  source:
    path: services/cert-manager
    repoURL: https://github.com/clhain/sandbox.git
    targetRevision: HEAD
    helm:
      parameters:
      - name: letsEncryptIssuer.contactEmail
        value: "nobody@example.com"
  ignoreDifferences:
  - group: apiextensions.k8s.io
    kind: CustomResourceDefinition
    jsonPointers:
    - /metadata/annotations
---
apiVersion: argoproj.io/v1alpha1
kind: Application
metadata:
  name: gatekeeper
  annotations:
    argocd.argoproj.io/sync-wave: "2"
spec:
  destination:
    namespace: gatekeeper
    server: https://kubernetes.default.svc
  project: cluster-services
  syncPolicy:
    automated:
      prune: true
      selfHeal: true
    syncOptions:
    - CreateNamespace=true
  source:
    path: services/gatekeeper
    repoURL: https://github.com/clhain/sandbox.git
    targetRevision: HEAD
  ignoreDifferences:
  - group: apiextensions.k8s.io
    kind: CustomResourceDefinition
    jsonPointers:
    - /metadata/annotations
---
apiVersion: argoproj.io/v1alpha1
kind: Application
metadata:
  name: grafana
  annotations:
    argocd.argoproj.io/sync-wave: "6"
spec:
  destination:
    namespace: grafana
    server: https://kubernetes.default.svc
  project: cluster-services
  syncPolicy:
    automated:
      prune: true
      selfHeal: true
    syncOptions:
    - CreateNamespace=true
  source:
    path: services/grafana
    repoURL: https://github.com/clhain/sandbox.git
    targetRevision: HEAD
    helm:
      parameters:
      - name: clusterDomain
        value: "example.com"
  ignoreDifferences:
  - group: apiextensions.k8s.io
    kind: CustomResourceDefinition
    jsonPointers:
    - /metadata/annotations
---
apiVersion: argoproj.io/v1alpha1
kind: Application
metadata:
  name: loki
  annotations:
    argocd.argoproj.io/sync-wave: "5"
spec:
  destination:
    namespace: loki
    server: https://kubernetes.default.svc
  project: cluster-services
  syncPolicy:
    automated:
      prune: true
      selfHeal: true
    syncOptions:
    - CreateNamespace=true
  source:
    path: services/loki
    repoURL: https://github.com/clhain/sandbox.git
    targetRevision: HEAD
  ignoreDifferences:
  - group: apiextensions.k8s.io
    kind: CustomResourceDefinition
    jsonPointers:
    - /metadata/annotations
---
apiVersion: argoproj.io/v1alpha1
kind: Application
metadata:
  name: nginx-ingress
  annotations:
    argocd.argoproj.io/sync-wave: "4"
spec:
  destination:
    namespace: nginx-ingress
    server: https://kubernetes.default.svc
  project: cluster-services
  syncPolicy:
    automated:
      prune: true
      selfHeal: true
    syncOptions:
    - CreateNamespace=true
  source:
    path: services/nginx-ingress
    repoURL: https://github.com/clhain/sandbox.git
    targetRevision: HEAD
    helm:
      parameters:
      - name: nginx-ingress.controller.service.annoations.cloud\.google\.com/load-balancer-type
        value: "External"
      - name: nginx-ingress.controller.service.loadBalancerIP
        value: "1.1.1.1"
  ignoreDifferences:
  - group: apiextensions.k8s.io
    kind: CustomResourceDefinition
    jsonPointers:
    - /metadata/annotations
---
apiVersion: argoproj.io/v1alpha1
kind: Application
metadata:
  name: nginx-mesh
  annotations:
    argocd.argoproj.io/sync-wave: "3"
spec:
  destination:
    namespace: nginx-mesh
    server: https://kubernetes.default.svc
  project: cluster-services
  syncPolicy:
    automated:
      prune: true
      selfHeal: true
    syncOptions:
    - CreateNamespace=true
  source:
    path: services/nginx-mesh
    repoURL: https://github.com/clhain/sandbox.git
    targetRevision: HEAD
  ignoreDifferences:
  - group: apiextensions.k8s.io
    kind: CustomResourceDefinition
    jsonPointers:
    - /metadata/annotations
---
apiVersion: argoproj.io/v1alpha1
kind: Application
metadata:
  name: oauth-proxy
  annotations:
    argocd.argoproj.io/sync-wave: "5"
spec:
  destination:
    namespace: oauth-proxy
    server: https://kubernetes.default.svc
  project: cluster-services
  syncPolicy:
    automated:
      prune: true
      selfHeal: true
    syncOptions:
    - CreateNamespace=true
  source:
    path: services/oauth-proxy
    repoURL: https://github.com/clhain/sandbox.git
    targetRevision: HEAD
    helm:
      parameters:
      - name: clusterDomain
        value: "example.com"
      - name: oauth2-proxy.extraEnv[0].name
        value: "OAUTH2_PROXY_COOKIE_DOMAINS"
      - name: oauth2-proxy.extraEnv[0].value
        value: ".example.com"
      - name: oauth2-proxy.extraEnv[1].name
        value: "OAUTH2_PROXY_WHITELIST_DOMAINS"
      - name: oauth2-proxy.extraEnv[1].value
        value: ".example.com"
      - name: oauth2-proxy.extraEnv[2].name
        value: "OAUTH2_PROXY_OIDC_ISSUER_URL"
      - name: oauth2-proxy.extraEnv[2].value
        value: "https://dex.example.com/dex"
      - name: oauth2-proxy.extraEnv[3].name
        value: "OAUTH2_PROXY_EMAIL_DOMAINS"
      - name: oauth2-proxy.extraEnv[3].value
        value: "*"
  ignoreDifferences:
  - group: apiextensions.k8s.io
    kind: CustomResourceDefinition
    jsonPointers:
    - /metadata/annotations
---
apiVersion: argoproj.io/v1alpha1
kind: Application
metadata:
  name: opentelemetry-operator
  annotations:
    argocd.argoproj.io/sync-wave: "2"
spec:
  destination:
    namespace: opentelemetry-operator
    server: https://kubernetes.default.svc
  project: cluster-services
  syncPolicy:
    automated:
      prune: true
      selfHeal: true
    syncOptions:
    - CreateNamespace=true
  source:
    path: services/opentelemetry-operator
    repoURL: https://github.com/clhain/sandbox.git
    targetRevision: HEAD
  ignoreDifferences:
  - group: apiextensions.k8s.io
    kind: CustomResourceDefinition
    jsonPointers:
    - /metadata/annotations
---
apiVersion: argoproj.io/v1alpha1
kind: Application
metadata:
  name: prometheus-operator
  annotations:
    argocd.argoproj.io/sync-wave: "2"
spec:
  destination:
    namespace: prometheus-operator
    server: https://kubernetes.default.svc
  project: cluster-services
  syncPolicy:
    automated:
      prune: true
      selfHeal: true
    syncOptions:
    - CreateNamespace=true
  source:
    path: services/prometheus-operator
    repoURL: https://github.com/clhain/sandbox.git
    targetRevision: HEAD
    helm:
      skipCrds: true
    
  ignoreDifferences:
  - group: apiextensions.k8s.io
    kind: CustomResourceDefinition
    jsonPointers:
    - /metadata/annotations
---
apiVersion: argoproj.io/v1alpha1
kind: Application
metadata:
  name: prometheus-operator-crds
  annotations:
    argocd.argoproj.io/sync-wave: "1"
spec:
  destination:
    namespace: prometheus-operator
    server: https://kubernetes.default.svc
  project: cluster-services
  syncPolicy:
    automated:
      prune: true
      selfHeal: true
    syncOptions:
    - CreateNamespace=true
    - Replace=true
  source:
    path: charts/kube-prometheus-stack/crds/
    repoURL: https://github.com/prometheus-community/helm-charts.git
    targetRevision: kube-prometheus-stack-39.9.0
    directory:
      recurse: true
    
  ignoreDifferences:
  - group: apiextensions.k8s.io
    kind: CustomResourceDefinition
    jsonPointers:
    - /metadata/annotations
---
apiVersion: argoproj.io/v1alpha1
kind: Application
metadata:
  name: sealed-secrets
  annotations:
    argocd.argoproj.io/sync-wave: "2"
spec:
  destination:
    namespace: sealed-secrets
    server: https://kubernetes.default.svc
  project: cluster-services
  syncPolicy:
    automated:
      prune: true
      selfHeal: true
    syncOptions:
    - CreateNamespace=true
  source:
    path: services/sealed-secrets
    repoURL: https://github.com/clhain/sandbox.git
    targetRevision: HEAD
  ignoreDifferences:
  - group: apiextensions.k8s.io
    kind: CustomResourceDefinition
    jsonPointers:
    - /metadata/annotations
---
apiVersion: argoproj.io/v1alpha1
kind: Application
metadata:
  name: tempo
  annotations:
    argocd.argoproj.io/sync-wave: "5"
spec:
  destination:
    namespace: tempo
    server: https://kubernetes.default.svc
  project: cluster-services
  syncPolicy:
    automated:
      prune: true
      selfHeal: true
    syncOptions:
    - CreateNamespace=true
  source:
    path: services/tempo
    repoURL: https://github.com/clhain/sandbox.git
    targetRevision: HEAD
  ignoreDifferences:
  - group: apiextensions.k8s.io
    kind: CustomResourceDefinition
    jsonPointers:
    - /metadata/annotations
