# Source: sandbox-apps/templates/auth-secrets.yaml
apiVersion: v1
kind: Namespace
metadata:
  labels:
    kubernetes.io/metadata.name: oauth-proxy
  name: oauth-proxy
---
# Source: sandbox-apps/templates/auth-secrets.yaml
apiVersion: v1
kind: Secret
metadata:
  name: oauth-proxy-creds
  namespace: oauth-proxy
stringData:
  client-id: "test"
  client-secret: "test"
  cookie-secret: "i7cJK8EruObFWZqa0MZFmchk"
  admin-password: "sktuhhozQAV7liNiAdAMimzp"
---
# Source: sandbox-apps/templates/auth-secrets.yaml
apiVersion: v1
kind: Secret
metadata:
  name: dex-config-secret
  namespace: oauth-proxy
stringData:
  config.yaml: |
    issuer: https://dex.example.com/dex
    storage:
      type: kubernetes
      config:
        inCluster: true
    web:
      http: 0.0.0.0:5556
      allowedOrigins: ['*']
    connectors:
    - type: mockCallback
      id: mock
      name: Example

    oauth2:
      skipApprovalScreen: false
      alwaysShowLoginScreen: true
    staticClients:
    - id: test
      redirectURIs:
      - 'https://auth.example.com/oauth2/callback'
      - 'https://argocd.example.com/auth/callback'
      name: 'OAuth2 Proxy'
      secret: "test"
    enablePasswordDB: true
    staticPasswords:
    - email: "admin@example.com"
      hash: "$2a$10$QOK8Gtg8Wb4xZTIY0NZ7YOMUcPtEL71SAkv.OG5XmWNYOfAGcyLNi"
      username: "admin"
      userID: "08a8684b-db88-4b73-90a9-3cd1661f5466"
    logger:
      level: debug
---
