apiVersion: v1
kind: Namespace
metadata:
  labels:
    kubernetes.io/metadata.name: oauth-proxy
  name: oauth-proxy
---
apiVersion: v1
kind: Secret
metadata:
  name: oauth-proxy-creds
  namespace: oauth-proxy
stringData:
  client-id: "test"
  client-secret: "test"
  cookie-secret: "RAYed4GRp285tCeVdceO0Rs8"
---
