# Source: sandbox-base/charts/argo-cd/templates/redis/service.yaml
apiVersion: v1
kind: Service
metadata:
  name: foo-argocd-redis
  labels:
    app.kubernetes.io/name: argocd-redis
    app.kubernetes.io/instance: foo
    app.kubernetes.io/component: redis
    app.kubernetes.io/managed-by: Helm
    app.kubernetes.io/part-of: argocd
spec:
  ports:
  - name: redis
    port: 6379
    targetPort: redis
  selector:
    app.kubernetes.io/name: argocd-redis
    app.kubernetes.io/instance: foo
---
