# Source: sandbox-base/charts/argo-cd/templates/argocd-configs/argocd-notifications-cm.yaml
apiVersion: v1
kind: ConfigMap
metadata:
  name: argocd-notifications-cm
  labels:
    app.kubernetes.io/name: argocd-notifications-controller
    app.kubernetes.io/instance: foo
    app.kubernetes.io/component: notifications-controller
    app.kubernetes.io/managed-by: Helm
    app.kubernetes.io/part-of: argocd
data:
  context: |
    argocdUrl:
---
