apiVersion: v1
kind: ConfigMap
metadata:
  name: argocd-cm
  labels:
    helm.sh/chart: argo-cd-5.5.16
    app.kubernetes.io/name: argocd-cm
    app.kubernetes.io/instance: foo
    app.kubernetes.io/component: server
    app.kubernetes.io/managed-by: Helm
    app.kubernetes.io/part-of: argocd
data:
  admin.enabled: "true"
  application.instanceLabelKey: argocd.argoproj.io/instance
  exec.enabled: "false"
  resource.customizations.health.argoproj.io_Application: |-
    hs = {}
    hs.status = "Progressing"
    hs.message = ""
    if obj.status ~= nil then
      if obj.status.health ~= nil then
        hs.status = obj.status.health.status
        if obj.status.health.message ~= nil then
          hs.message = obj.status.health.message
        end
      end
    end
    return hs
  server.rbac.log.enforce.enable: "false"
  timeout.hard.reconciliation: "0"
  timeout.reconciliation: 180s
  url: ""
---
