apiVersion: v1
kind: Secret
metadata:
  name: argocd-notifications-secret
  labels:
    helm.sh/chart: argo-cd-5.5.16
    app.kubernetes.io/name: argocd-notifications-controller
    app.kubernetes.io/instance: foo
    app.kubernetes.io/component: notifications-controller
    app.kubernetes.io/managed-by: Helm
    app.kubernetes.io/part-of: argocd
type: Opaque
stringData:
---
