# Source: sandbox-base/charts/argo-cd/templates/argocd-configs/argocd-rbac-cm.yaml
apiVersion: v1
kind: ConfigMap
metadata:
  name: argocd-rbac-cm
  labels:
    app.kubernetes.io/name: argocd-rbac-cm
    app.kubernetes.io/instance: foo
    app.kubernetes.io/component: server
    app.kubernetes.io/managed-by: Helm
    app.kubernetes.io/part-of: argocd
data:
  policy.default: role:readonly
---
