apiVersion: v1
kind: Secret
metadata:
  name: argocd-secret
  labels:
    helm.sh/chart: argo-cd-5.5.7
    app.kubernetes.io/name: argocd-secret
    app.kubernetes.io/instance: foo
    app.kubernetes.io/component: server
    app.kubernetes.io/managed-by: Helm
    app.kubernetes.io/part-of: argocd
type: Opaque
---
