# Source: sandbox-base/charts/argo-cd/templates/argocd-configs/argocd-cmd-params-cm.yaml
apiVersion: v1
kind: ConfigMap
metadata:
  name: argocd-cmd-params-cm
  labels:
    app.kubernetes.io/name: argocd-cmd-params-cm
    app.kubernetes.io/instance: foo
    app.kubernetes.io/component: server
    app.kubernetes.io/managed-by: Helm
    app.kubernetes.io/part-of: argocd
data:
  controller.log.format: text
  controller.log.level: info
  controller.operation.processors: "10"
  controller.repo.server.timeout.seconds: "60"
  controller.self.heal.timeout.seconds: "5"
  controller.status.processors: "20"
  otlp.address: ""
  redis.server: foo-argocd-redis:6379
  repo.server: foo-argocd-repo-server:8081
  reposerver.log.format: text
  reposerver.log.level: info
  reposerver.parallelism.limit: "0"
  server.basehref: /
  server.dex.server: https://foo-argocd-dex-server:5556
  server.dex.server.strict.tls: "false"
  server.disable.auth: "false"
  server.enable.gzip: "false"
  server.insecure: "false"
  server.log.format: text
  server.log.level: info
  server.repo.server.strict.tls: "false"
  server.rootpath: ""
  server.staticassets: /shared/app
  server.x.frame.options: sameorigin
---
